++ conda info --base
+ source /home/erebus/miniconda3/etc/profile.d/conda.sh
++ export CONDA_EXE=/home/erebus/miniconda3/bin/conda
++ CONDA_EXE=/home/erebus/miniconda3/bin/conda
++ export _CONDA_EXE=/home/erebus/miniconda3/bin/conda
++ _CONDA_EXE=/home/erebus/miniconda3/bin/conda
++ export _CE_M=
++ _CE_M=
++ export _CE_CONDA=
++ _CE_CONDA=
++ export CONDA_PYTHON_EXE=/home/erebus/miniconda3/bin/python
++ CONDA_PYTHON_EXE=/home/erebus/miniconda3/bin/python
++ export _CONDA_ROOT=/home/erebus/miniconda3
++ _CONDA_ROOT=/home/erebus/miniconda3
++ '[' -z x ']'
+ conda activate egen-core
+ local cmd=activate
+ case "$cmd" in
+ __conda_activate activate egen-core
+ '[' -n '' ']'
+ local ask_conda
++ PS1=
++ __conda_exe shell.posix activate egen-core
++ '[' -n '' ']'
++ /home/erebus/miniconda3/bin/conda shell.posix activate egen-core
+ ask_conda='export _CE_M='\'''\''
export _CE_CONDA='\'''\''
PS1='\''(egen-core) '\''
export PATH='\''/home/erebus/miniconda3/envs/egen-core/bin:/home/erebus/miniconda3/condabin:/home/erebus/.local/share/nvm/v24.13.1/bin:/home/erebus/miniconda3/bin:/home/erebus/.local/bin:/usr/local/bin:/usr/bin:/bin:/usr/local/games:/usr/games'\''
export CONDA_PREFIX='\''/home/erebus/miniconda3/envs/egen-core'\''
export CONDA_SHLVL='\''2'\''
export CONDA_DEFAULT_ENV='\''egen-core'\''
export CONDA_PROMPT_MODIFIER='\''(egen-core) '\''
export CONDA_PREFIX_1='\''/home/erebus/miniconda3'\''
export CONDA_EXE='\''/home/erebus/miniconda3/bin/conda'\''
export _CONDA_EXE='\''/home/erebus/miniconda3/bin/conda'\''
export CONDA_PYTHON_EXE='\''/home/erebus/miniconda3/bin/python'\''
export _CONDA_ROOT='\''/home/erebus/miniconda3'\'''
+ eval 'export _CE_M='\'''\''
export _CE_CONDA='\'''\''
PS1='\''(egen-core) '\''
export PATH='\''/home/erebus/miniconda3/envs/egen-core/bin:/home/erebus/miniconda3/condabin:/home/erebus/.local/share/nvm/v24.13.1/bin:/home/erebus/miniconda3/bin:/home/erebus/.local/bin:/usr/local/bin:/usr/bin:/bin:/usr/local/games:/usr/games'\''
export CONDA_PREFIX='\''/home/erebus/miniconda3/envs/egen-core'\''
export CONDA_SHLVL='\''2'\''
export CONDA_DEFAULT_ENV='\''egen-core'\''
export CONDA_PROMPT_MODIFIER='\''(egen-core) '\''
export CONDA_PREFIX_1='\''/home/erebus/miniconda3'\''
export CONDA_EXE='\''/home/erebus/miniconda3/bin/conda'\''
export _CONDA_EXE='\''/home/erebus/miniconda3/bin/conda'\''
export CONDA_PYTHON_EXE='\''/home/erebus/miniconda3/bin/python'\''
export _CONDA_ROOT='\''/home/erebus/miniconda3'\'''
++ export _CE_M=
++ _CE_M=
++ export _CE_CONDA=
++ _CE_CONDA=
++ PS1='(egen-core) '
++ export PATH=/home/erebus/miniconda3/envs/egen-core/bin:/home/erebus/miniconda3/condabin:/home/erebus/.local/share/nvm/v24.13.1/bin:/home/erebus/miniconda3/bin:/home/erebus/.local/bin:/usr/local/bin:/usr/bin:/bin:/usr/local/games:/usr/games
++ PATH=/home/erebus/miniconda3/envs/egen-core/bin:/home/erebus/miniconda3/condabin:/home/erebus/.local/share/nvm/v24.13.1/bin:/home/erebus/miniconda3/bin:/home/erebus/.local/bin:/usr/local/bin:/usr/bin:/bin:/usr/local/games:/usr/games
++ export CONDA_PREFIX=/home/erebus/miniconda3/envs/egen-core
++ CONDA_PREFIX=/home/erebus/miniconda3/envs/egen-core
++ export CONDA_SHLVL=2
++ CONDA_SHLVL=2
++ export CONDA_DEFAULT_ENV=egen-core
++ CONDA_DEFAULT_ENV=egen-core
++ export 'CONDA_PROMPT_MODIFIER=(egen-core) '
++ CONDA_PROMPT_MODIFIER='(egen-core) '
++ export CONDA_PREFIX_1=/home/erebus/miniconda3
++ CONDA_PREFIX_1=/home/erebus/miniconda3
++ export CONDA_EXE=/home/erebus/miniconda3/bin/conda
++ CONDA_EXE=/home/erebus/miniconda3/bin/conda
++ export _CONDA_EXE=/home/erebus/miniconda3/bin/conda
++ _CONDA_EXE=/home/erebus/miniconda3/bin/conda
++ export CONDA_PYTHON_EXE=/home/erebus/miniconda3/bin/python
++ CONDA_PYTHON_EXE=/home/erebus/miniconda3/bin/python
++ export _CONDA_ROOT=/home/erebus/miniconda3
++ _CONDA_ROOT=/home/erebus/miniconda3
+ __conda_hashr
+ '[' -n '' ']'
+ '[' -n '' ']'
+ hash -r
+ pip install torch transformers accelerate sentencepiece protobuf
Requirement already satisfied: torch in /home/erebus/miniconda3/lib/python3.13/site-packages (2.10.0)
Requirement already satisfied: transformers in /home/erebus/miniconda3/lib/python3.13/site-packages (5.2.0)
Requirement already satisfied: accelerate in /home/erebus/miniconda3/lib/python3.13/site-packages (1.12.0)
Requirement already satisfied: sentencepiece in /home/erebus/miniconda3/lib/python3.13/site-packages (0.2.1)
Requirement already satisfied: protobuf in /home/erebus/miniconda3/lib/python3.13/site-packages (7.34.0)
Requirement already satisfied: filelock in /home/erebus/miniconda3/lib/python3.13/site-packages (from torch) (3.24.3)
Requirement already satisfied: typing-extensions>=4.10.0 in /home/erebus/miniconda3/lib/python3.13/site-packages (from torch) (4.15.0)
Requirement already satisfied: setuptools in /home/erebus/miniconda3/lib/python3.13/site-packages (from torch) (80.9.0)
Requirement already satisfied: sympy>=1.13.3 in /home/erebus/miniconda3/lib/python3.13/site-packages (from torch) (1.14.0)
Requirement already satisfied: networkx>=2.5.1 in /home/erebus/miniconda3/lib/python3.13/site-packages (from torch) (3.6.1)
Requirement already satisfied: jinja2 in /home/erebus/miniconda3/lib/python3.13/site-packages (from torch) (3.1.6)
Requirement already satisfied: fsspec>=0.8.5 in /home/erebus/miniconda3/lib/python3.13/site-packages (from torch) (2026.2.0)
Requirement already satisfied: cuda-bindings==12.9.4 in /home/erebus/miniconda3/lib/python3.13/site-packages (from torch) (12.9.4)
Requirement already satisfied: nvidia-cuda-nvrtc-cu12==12.8.93 in /home/erebus/miniconda3/lib/python3.13/site-packages (from torch) (12.8.93)
Requirement already satisfied: nvidia-cuda-runtime-cu12==12.8.90 in /home/erebus/miniconda3/lib/python3.13/site-packages (from torch) (12.8.90)
Requirement already satisfied: nvidia-cuda-cupti-cu12==12.8.90 in /home/erebus/miniconda3/lib/python3.13/site-packages (from torch) (12.8.90)
Requirement already satisfied: nvidia-cudnn-cu12==9.10.2.21 in /home/erebus/miniconda3/lib/python3.13/site-packages (from torch) (9.10.2.21)
Requirement already satisfied: nvidia-cublas-cu12==12.8.4.1 in /home/erebus/miniconda3/lib/python3.13/site-packages (from torch) (12.8.4.1)
Requirement already satisfied: nvidia-cufft-cu12==11.3.3.83 in /home/erebus/miniconda3/lib/python3.13/site-packages (from torch) (11.3.3.83)
Requirement already satisfied: nvidia-curand-cu12==10.3.9.90 in /home/erebus/miniconda3/lib/python3.13/site-packages (from torch) (10.3.9.90)
Requirement already satisfied: nvidia-cusolver-cu12==11.7.3.90 in /home/erebus/miniconda3/lib/python3.13/site-packages (from torch) (11.7.3.90)
Requirement already satisfied: nvidia-cusparse-cu12==12.5.8.93 in /home/erebus/miniconda3/lib/python3.13/site-packages (from torch) (12.5.8.93)
Requirement already satisfied: nvidia-cusparselt-cu12==0.7.1 in /home/erebus/miniconda3/lib/python3.13/site-packages (from torch) (0.7.1)
Requirement already satisfied: nvidia-nccl-cu12==2.27.5 in /home/erebus/miniconda3/lib/python3.13/site-packages (from torch) (2.27.5)
Requirement already satisfied: nvidia-nvshmem-cu12==3.4.5 in /home/erebus/miniconda3/lib/python3.13/site-packages (from torch) (3.4.5)
Requirement already satisfied: nvidia-nvtx-cu12==12.8.90 in /home/erebus/miniconda3/lib/python3.13/site-packages (from torch) (12.8.90)
Requirement already satisfied: nvidia-nvjitlink-cu12==12.8.93 in /home/erebus/miniconda3/lib/python3.13/site-packages (from torch) (12.8.93)
Requirement already satisfied: nvidia-cufile-cu12==1.13.1.3 in /home/erebus/miniconda3/lib/python3.13/site-packages (from torch) (1.13.1.3)
Requirement already satisfied: triton==3.6.0 in /home/erebus/miniconda3/lib/python3.13/site-packages (from torch) (3.6.0)
Requirement already satisfied: cuda-pathfinder~=1.1 in /home/erebus/miniconda3/lib/python3.13/site-packages (from cuda-bindings==12.9.4->torch) (1.4.0)
Requirement already satisfied: huggingface-hub<2.0,>=1.3.0 in /home/erebus/miniconda3/lib/python3.13/site-packages (from transformers) (1.5.0)
Requirement already satisfied: numpy>=1.17 in /home/erebus/miniconda3/lib/python3.13/site-packages (from transformers) (2.4.2)
Requirement already satisfied: packaging>=20.0 in /home/erebus/miniconda3/lib/python3.13/site-packages (from transformers) (25.0)
Requirement already satisfied: pyyaml>=5.1 in /home/erebus/miniconda3/lib/python3.13/site-packages (from transformers) (6.0.3)
Requirement already satisfied: regex!=2019.12.17 in /home/erebus/miniconda3/lib/python3.13/site-packages (from transformers) (2026.2.19)
Requirement already satisfied: tokenizers<=0.23.0,>=0.22.0 in /home/erebus/miniconda3/lib/python3.13/site-packages (from transformers) (0.22.2)
Requirement already satisfied: typer-slim in /home/erebus/miniconda3/lib/python3.13/site-packages (from transformers) (0.20.0)
Requirement already satisfied: safetensors>=0.4.3 in /home/erebus/miniconda3/lib/python3.13/site-packages (from transformers) (0.7.0)
Requirement already satisfied: tqdm>=4.27 in /home/erebus/miniconda3/lib/python3.13/site-packages (from transformers) (4.67.1)
Requirement already satisfied: hf-xet<2.0.0,>=1.2.0 in /home/erebus/miniconda3/lib/python3.13/site-packages (from huggingface-hub<2.0,>=1.3.0->transformers) (1.3.2)
Requirement already satisfied: httpx<1,>=0.23.0 in /home/erebus/miniconda3/lib/python3.13/site-packages (from huggingface-hub<2.0,>=1.3.0->transformers) (0.28.1)
Requirement already satisfied: typer in /home/erebus/miniconda3/lib/python3.13/site-packages (from huggingface-hub<2.0,>=1.3.0->transformers) (0.20.0)
Requirement already satisfied: anyio in /home/erebus/miniconda3/lib/python3.13/site-packages (from httpx<1,>=0.23.0->huggingface-hub<2.0,>=1.3.0->transformers) (4.12.1)
Requirement already satisfied: certifi in /home/erebus/miniconda3/lib/python3.13/site-packages (from httpx<1,>=0.23.0->huggingface-hub<2.0,>=1.3.0->transformers) (2026.2.25)
Requirement already satisfied: httpcore==1.* in /home/erebus/miniconda3/lib/python3.13/site-packages (from httpx<1,>=0.23.0->huggingface-hub<2.0,>=1.3.0->transformers) (1.0.9)
Requirement already satisfied: idna in /home/erebus/miniconda3/lib/python3.13/site-packages (from httpx<1,>=0.23.0->huggingface-hub<2.0,>=1.3.0->transformers) (3.11)
Requirement already satisfied: h11>=0.16 in /home/erebus/miniconda3/lib/python3.13/site-packages (from httpcore==1.*->httpx<1,>=0.23.0->huggingface-hub<2.0,>=1.3.0->transformers) (0.16.0)
Requirement already satisfied: psutil in /home/erebus/miniconda3/lib/python3.13/site-packages (from accelerate) (7.2.2)
Requirement already satisfied: mpmath<1.4,>=1.1.0 in /home/erebus/miniconda3/lib/python3.13/site-packages (from sympy>=1.13.3->torch) (1.3.0)
Requirement already satisfied: MarkupSafe>=2.0 in /home/erebus/miniconda3/lib/python3.13/site-packages (from jinja2->torch) (3.0.3)
Requirement already satisfied: click>=8.0.0 in /home/erebus/miniconda3/lib/python3.13/site-packages (from typer->huggingface-hub<2.0,>=1.3.0->transformers) (8.2.1)
Requirement already satisfied: shellingham>=1.3.0 in /home/erebus/miniconda3/lib/python3.13/site-packages (from typer->huggingface-hub<2.0,>=1.3.0->transformers) (1.5.4)
Requirement already satisfied: rich>=10.11.0 in /home/erebus/miniconda3/lib/python3.13/site-packages (from typer->huggingface-hub<2.0,>=1.3.0->transformers) (13.9.4)
Requirement already satisfied: markdown-it-py>=2.2.0 in /home/erebus/miniconda3/lib/python3.13/site-packages (from rich>=10.11.0->typer->huggingface-hub<2.0,>=1.3.0->transformers) (4.0.0)
Requirement already satisfied: pygments<3.0.0,>=2.13.0 in /home/erebus/miniconda3/lib/python3.13/site-packages (from rich>=10.11.0->typer->huggingface-hub<2.0,>=1.3.0->transformers) (2.19.2)
Requirement already satisfied: mdurl~=0.1 in /home/erebus/miniconda3/lib/python3.13/site-packages (from markdown-it-py>=2.2.0->rich>=10.11.0->typer->huggingface-hub<2.0,>=1.3.0->transformers) (0.1.2)
+ PYTHONUNBUFFERED=1
+ python test_inference_sa1q9.py
Loading model and tokenizer: ErebusTN/EGen-SA1Q9...
Warning: You are sending unauthenticated requests to the HF Hub. Please set a HF_TOKEN to enable higher rate limits and faster downloads.
`torch_dtype` is deprecated! Use `dtype` instead!
